<html>
<body>
<pre>
<h1>礦ision Build Log</h1>
<h2>Tool Versions:</h2>
IDE-Version: μVision V5.18.0.0
Copyright (C) 2016 ARM Ltd and ARM Germany GmbH. All rights reserved.
License Information: s z, s, LIC=W962Z-JAQJB-GNWA5-GWSZG-BWKZ0-B22NA
 
Tool Versions:
Toolchain:       MDK-ARM Professional  Version: 5.18
Toolchain Path:  C:\Program Files (x86)\keil\Keil 5.18\ARM\ARMCC\Bin
C Compiler:      Armcc.exe V5.06 update 1 (build 61)
Assembler:       Armasm.exe V5.06 update 1 (build 61)
Linker/Locator:  ArmLink.exe V5.06 update 1 (build 61)
Library Manager: ArmAr.exe V5.06 update 1 (build 61)
Hex Converter:   FromElf.exe V5.06 update 1 (build 61)
CPU DLL:         SARMCM3.DLL V5.18
Dialog DLL:      DARMCM1.DLL V1.12.0.0
Target DLL:      Segger\JL2CM3.dll V2.99.18.0
Dialog DLL:      TARMCM1.DLL V1.9.0.0
 
<h2>Project:</h2>
C:\Slash\work\git_source\XANOVA_M380_Mouse\project\Galaxy_Mouse.uvprojx
Project File Date:  03/18/2018

<h2>Output:</h2>
*** Using Compiler 'V5.06 update 1 (build 61)', folder: 'C:\Program Files (x86)\keil\Keil 5.18\ARM\ARMCC\Bin'
Rebuild target 'Galaxy_Mouse'
compiling hidram.c...
compiling CT16B1.c...
compiling button.c...
compiling gpio.c...
compiling CT16B0.c...
compiling FlashPrg.c...
compiling hiduser.c...
compiling keyboard.c...
compiling main.c...
compiling macro.c...
compiling profile.c...
compiling mouse.c...
compiling PowerManagement.c...
compiling SPI0.c...
compiling protocol.c...
compiling storage.c...
compiling timer.c...
compiling usbdesc.c...
compiling usbhw.c...
compiling usbepfunc.c...
compiling usbram.c...
compiling Utility.c...
compiling usbuser.c...
compiling variables.c...
..\source\variables.c(236): warning:  #1-D: last line of file ends without a newline
            
..\source\variables.c: 1 warning, 0 errors
compiling wdt.c...
compiling LED.c...
compiling LED_Table.c...
compiling LED_Function.c...
compiling LED_RamSetting.c...
assembling startup_SN32F240B.s...
compiling led_driver.c...
compiling avago_api.c...
compiling system_SN32F240B.c...
linking...
Program Size: Code=22074 RO-data=6482 RW-data=564 ZI-data=5428  
FromELF: creating hex file...
After Build - User command #1: C:\Slash\work\git_source\XANOVA_M380_Mouse\project\Bin\MergeHex.bat
C:\Slash\work\git_source\XANOVA_M380_Mouse\project>cd Bin 
C:\Slash\work\git_source\XANOVA_M380_Mouse\project\Bin>del Xanova_XM380_Mouse_FW_v0.00.00_*.hex 
C:\Slash\work\git_source\XANOVA_M380_Mouse\project\Bin>set Ymd=20180424 
C:\Slash\work\git_source\XANOVA_M380_Mouse\project\Bin>copy ..\Objects\Galaxy_Mouse.hex Xanova_XM380_Mouse_FW_v0.00.00_20180424.hex 
已复制         1 个文件。
".\Objects\Galaxy_Mouse.axf" - 0 Error(s), 1 Warning(s).

<h2>Software Packages used:</h2>

Package Vendor: ARM
                http://www.keil.com/pack/ARM.CMSIS.5.1.0.pack
                ARM::CMSIS:CORE:5.0.2
                CMSIS (Cortex Microcontroller Software Interface Standard)
   * Component: CORE Version: 5.0.2

Package Vendor: SONiX
                http://liveupdate.sonix.com.tw/sonix/develop_tool/MCU/DFP/SONiX.SN32F2_DFP.1.2.8.pack
                SONiX::Device:Startup:1.1.0
                SONiX SN32F2 Series Device Support and Examples
   * Component: Startup Version: 1.1.0

<h2>Collection of Component include folders:</h2>
  C:\Slash\work\git_source\XANOVA_M380_Mouse\project\RTE
  C:\Program Files (x86)\keil\Keil 5.18\ARM\PACK\ARM\CMSIS\5.1.0\CMSIS\Include
  C:\Program Files (x86)\keil\Keil 5.18\ARM\PACK\SONiX\SN32F2_DFP\1.2.8\Device\Include

<h2>Collection of Component Files used:</h2>

   * Component: ARM::CMSIS:CORE:5.0.2

   * Component: SONiX::Device:Startup:1.1.0
      Source file:   Device\Source\system_SN32F240B.c
      Source file:   Device\Source\ARM\startup_SN32F240B.s
Build Time Elapsed:  00:00:08
</pre>
</body>
</html>
